<?xml version="1.0" encoding="utf-8"?>
<CoverageSession xmlns:xsd="http://www.w3.org/2001/XMLSchema" xmlns:xsi="http://www.w3.org/2001/XMLSchema-instance">
  <Summary numSequencePoints="85" visitedSequencePoints="45" numBranchPoints="34" visitedBranchPoints="18" sequenceCoverage="52.94" branchCoverage="52.94" maxCyclomaticComplexity="2" minCyclomaticComplexity="1" visitedClasses="3" numClasses="3" visitedMethods="15" numMethods="22" />
  <Modules>
    <Module skippedDueTo="Filter" hash="1E-65-58-23-C5-A2-55-AB-00-58-0C-49-C3-CB-A8-FC-5F-BC-10-3C">
      <ModulePath>C:\WINDOWS\Microsoft.Net\assembly\GAC_64\mscorlib\v4.0_4.0.0.0__b77a5c561934e089\mscorlib.dll</ModulePath>
      <ModuleTime>2019-09-19T17:27:24.1124379Z</ModuleTime>
      <ModuleName>mscorlib</ModuleName>
      <Classes />
    </Module>
    <Module skippedDueTo="Filter" hash="42-5D-0E-14-9A-00-93-21-57-8C-FC-8C-B0-3D-F9-C7-AF-CD-A3-02">
      <ModulePath>C:\Raja\FSD Assignment\poc\ProjectManager-master\ProjectManager-master\packages\NUnit.ConsoleRunner.3.9.0\tools\nunit3-console.exe</ModulePath>
      <ModuleTime>2018-09-06T00:18:28Z</ModuleTime>
      <ModuleName>nunit3-console</ModuleName>
      <Classes />
    </Module>
    <Module skippedDueTo="Filter" hash="B8-04-2B-A5-61-1F-90-24-E8-A6-FB-F2-44-E1-70-03-2D-78-E5-C8">
      <ModulePath>C:\WINDOWS\Microsoft.Net\assembly\GAC_MSIL\System\v4.0_4.0.0.0__b77a5c561934e089\System.dll</ModulePath>
      <ModuleTime>2019-09-19T17:27:26.9059651Z</ModuleTime>
      <ModuleName>System</ModuleName>
      <Classes />
    </Module>
    <Module skippedDueTo="Filter" hash="0A-47-64-32-4B-83-DF-99-42-5A-C7-DE-DA-21-E5-6C-A1-90-50-AC">
      <ModulePath>C:\Raja\FSD Assignment\poc\ProjectManager-master\ProjectManager-master\packages\NUnit.ConsoleRunner.3.9.0\tools\nunit.engine.api.dll</ModulePath>
      <ModuleTime>2018-09-06T00:18:28Z</ModuleTime>
      <ModuleName>nunit.engine.api</ModuleName>
      <Classes />
    </Module>
    <Module skippedDueTo="Filter" hash="D5-00-67-52-C5-AF-05-06-2D-35-DF-4F-C4-22-51-88-35-4A-CD-00">
      <ModulePath>C:\Raja\FSD Assignment\poc\ProjectManager-master\ProjectManager-master\packages\NUnit.ConsoleRunner.3.9.0\tools\nunit.engine.dll</ModulePath>
      <ModuleTime>2018-09-06T00:18:28Z</ModuleTime>
      <ModuleName>nunit.engine</ModuleName>
      <Classes />
    </Module>
    <Module skippedDueTo="Filter" hash="D5-00-67-52-C5-AF-05-06-2D-35-DF-4F-C4-22-51-88-35-4A-CD-00">
      <ModulePath>C:\Raja\FSD Assignment\poc\ProjectManager-master\ProjectManager-master\packages\NUnit.ConsoleRunner.3.9.0\tools\nunit.engine.dll</ModulePath>
      <ModuleTime>2018-09-06T00:18:28Z</ModuleTime>
      <ModuleName>nunit.engine</ModuleName>
      <Classes />
    </Module>
    <Module skippedDueTo="Filter" hash="2D-4E-7D-93-79-73-1D-3F-7A-CD-83-B3-5F-27-A4-33-E4-E0-D0-C0">
      <ModulePath>C:\WINDOWS\Microsoft.Net\assembly\GAC_MSIL\System.Xml\v4.0_4.0.0.0__b77a5c561934e089\System.Xml.dll</ModulePath>
      <ModuleTime>2019-09-19T17:27:29.2367314Z</ModuleTime>
      <ModuleName>System.Xml</ModuleName>
      <Classes />
    </Module>
    <Module skippedDueTo="Filter" hash="2A-79-E6-0E-46-CE-EC-83-3E-AA-27-0C-C0-F8-5A-CC-63-3F-1B-98">
      <ModulePath>C:\WINDOWS\Microsoft.Net\assembly\GAC_64\System.Web\v4.0_4.0.0.0__b03f5f7f11d50a3a\System.Web.dll</ModulePath>
      <ModuleTime>2019-09-19T17:27:24.0207152Z</ModuleTime>
      <ModuleName>System.Web</ModuleName>
      <Classes />
    </Module>
    <Module skippedDueTo="Filter" hash="7C-26-06-1C-0A-29-02-E5-32-A6-26-CA-D2-F5-06-AA-A1-3B-9C-8F">
      <ModulePath>C:\Raja\FSD Assignment\poc\ProjectManager-master\ProjectManager-master\packages\NUnit.ConsoleRunner.3.9.0\tools\Mono.Cecil.dll</ModulePath>
      <ModuleTime>2018-09-06T00:18:28Z</ModuleTime>
      <ModuleName>Mono.Cecil</ModuleName>
      <Classes />
    </Module>
    <Module skippedDueTo="Filter" hash="09-12-6C-5B-37-14-EC-CF-0C-C7-10-E0-42-E2-2C-6F-FD-7B-DA-46">
      <ModulePath>C:\WINDOWS\Microsoft.Net\assembly\GAC_MSIL\System.Core\v4.0_4.0.0.0__b77a5c561934e089\System.Core.dll</ModulePath>
      <ModuleTime>2019-09-19T17:27:29.1539496Z</ModuleTime>
      <ModuleName>System.Core</ModuleName>
      <Classes />
    </Module>
    <Module skippedDueTo="Filter" hash="17-7F-BB-26-7F-A0-86-B2-5D-E6-A1-42-C7-E9-6C-69-83-1D-0A-08">
      <ModulePath>C:\WINDOWS\Microsoft.Net\assembly\GAC_MSIL\System.Runtime.Remoting\v4.0_4.0.0.0__b77a5c561934e089\System.Runtime.Remoting.dll</ModulePath>
      <ModuleTime>2019-09-19T17:27:29.3304786Z</ModuleTime>
      <ModuleName>System.Runtime.Remoting</ModuleName>
      <Classes />
    </Module>
    <Module skippedDueTo="Filter" hash="2A-7B-17-4D-5F-56-2E-65-AC-46-D1-7B-18-CB-45-61-99-7F-97-68">
      <ModulePath>C:\WINDOWS\Microsoft.Net\assembly\GAC_MSIL\System.Configuration\v4.0_4.0.0.0__b03f5f7f11d50a3a\System.Configuration.dll</ModulePath>
      <ModuleTime>2019-09-19T17:27:29.3863293Z</ModuleTime>
      <ModuleName>System.Configuration</ModuleName>
      <Classes />
    </Module>
    <Module skippedDueTo="Filter" hash="1E-65-58-23-C5-A2-55-AB-00-58-0C-49-C3-CB-A8-FC-5F-BC-10-3C">
      <ModulePath>C:\WINDOWS\Microsoft.Net\assembly\GAC_64\mscorlib\v4.0_4.0.0.0__b77a5c561934e089\mscorlib.dll</ModulePath>
      <ModuleTime>2019-09-19T17:27:24.1124379Z</ModuleTime>
      <ModuleName>mscorlib</ModuleName>
      <Classes />
    </Module>
    <Module skippedDueTo="Filter" hash="D0-28-87-1E-9F-96-03-5C-DD-6C-EE-2A-08-04-43-0E-24-28-FE-11">
      <ModulePath>C:\Raja\FSD Assignment\poc\ProjectManager-master\ProjectManager-master\packages\NUnit.ConsoleRunner.3.9.0\tools\nunit-agent.exe</ModulePath>
      <ModuleTime>2018-09-06T00:18:28Z</ModuleTime>
      <ModuleName>nunit-agent</ModuleName>
      <Classes />
    </Module>
    <Module skippedDueTo="Filter" hash="0A-47-64-32-4B-83-DF-99-42-5A-C7-DE-DA-21-E5-6C-A1-90-50-AC">
      <ModulePath>C:\Raja\FSD Assignment\poc\ProjectManager-master\ProjectManager-master\packages\NUnit.ConsoleRunner.3.9.0\tools\nunit.engine.api.dll</ModulePath>
      <ModuleTime>2018-09-06T00:18:28Z</ModuleTime>
      <ModuleName>nunit.engine.api</ModuleName>
      <Classes />
    </Module>
    <Module skippedDueTo="Filter" hash="D5-00-67-52-C5-AF-05-06-2D-35-DF-4F-C4-22-51-88-35-4A-CD-00">
      <ModulePath>C:\Raja\FSD Assignment\poc\ProjectManager-master\ProjectManager-master\packages\NUnit.ConsoleRunner.3.9.0\tools\nunit.engine.dll</ModulePath>
      <ModuleTime>2018-09-06T00:18:28Z</ModuleTime>
      <ModuleName>nunit.engine</ModuleName>
      <Classes />
    </Module>
    <Module skippedDueTo="Filter" hash="B8-04-2B-A5-61-1F-90-24-E8-A6-FB-F2-44-E1-70-03-2D-78-E5-C8">
      <ModulePath>C:\WINDOWS\Microsoft.Net\assembly\GAC_MSIL\System\v4.0_4.0.0.0__b77a5c561934e089\System.dll</ModulePath>
      <ModuleTime>2019-09-19T17:27:26.9059651Z</ModuleTime>
      <ModuleName>System</ModuleName>
      <Classes />
    </Module>
    <Module skippedDueTo="Filter" hash="2D-4E-7D-93-79-73-1D-3F-7A-CD-83-B3-5F-27-A4-33-E4-E0-D0-C0">
      <ModulePath>C:\WINDOWS\Microsoft.Net\assembly\GAC_MSIL\System.Xml\v4.0_4.0.0.0__b77a5c561934e089\System.Xml.dll</ModulePath>
      <ModuleTime>2019-09-19T17:27:29.2367314Z</ModuleTime>
      <ModuleName>System.Xml</ModuleName>
      <Classes />
    </Module>
    <Module skippedDueTo="Filter" hash="2A-79-E6-0E-46-CE-EC-83-3E-AA-27-0C-C0-F8-5A-CC-63-3F-1B-98">
      <ModulePath>C:\WINDOWS\Microsoft.Net\assembly\GAC_64\System.Web\v4.0_4.0.0.0__b03f5f7f11d50a3a\System.Web.dll</ModulePath>
      <ModuleTime>2019-09-19T17:27:24.0207152Z</ModuleTime>
      <ModuleName>System.Web</ModuleName>
      <Classes />
    </Module>
    <Module skippedDueTo="Filter" hash="7C-26-06-1C-0A-29-02-E5-32-A6-26-CA-D2-F5-06-AA-A1-3B-9C-8F">
      <ModulePath>C:\Raja\FSD Assignment\poc\ProjectManager-master\ProjectManager-master\packages\NUnit.ConsoleRunner.3.9.0\tools\Mono.Cecil.dll</ModulePath>
      <ModuleTime>2018-09-06T00:18:28Z</ModuleTime>
      <ModuleName>Mono.Cecil</ModuleName>
      <Classes />
    </Module>
    <Module skippedDueTo="Filter" hash="09-12-6C-5B-37-14-EC-CF-0C-C7-10-E0-42-E2-2C-6F-FD-7B-DA-46">
      <ModulePath>C:\WINDOWS\Microsoft.Net\assembly\GAC_MSIL\System.Core\v4.0_4.0.0.0__b77a5c561934e089\System.Core.dll</ModulePath>
      <ModuleTime>2019-09-19T17:27:29.1539496Z</ModuleTime>
      <ModuleName>System.Core</ModuleName>
      <Classes />
    </Module>
    <Module skippedDueTo="Filter" hash="17-7F-BB-26-7F-A0-86-B2-5D-E6-A1-42-C7-E9-6C-69-83-1D-0A-08">
      <ModulePath>C:\WINDOWS\Microsoft.Net\assembly\GAC_MSIL\System.Runtime.Remoting\v4.0_4.0.0.0__b77a5c561934e089\System.Runtime.Remoting.dll</ModulePath>
      <ModuleTime>2019-09-19T17:27:29.3304786Z</ModuleTime>
      <ModuleName>System.Runtime.Remoting</ModuleName>
      <Classes />
    </Module>
    <Module skippedDueTo="Filter" hash="2A-7B-17-4D-5F-56-2E-65-AC-46-D1-7B-18-CB-45-61-99-7F-97-68">
      <ModulePath>C:\WINDOWS\Microsoft.Net\assembly\GAC_MSIL\System.Configuration\v4.0_4.0.0.0__b03f5f7f11d50a3a\System.Configuration.dll</ModulePath>
      <ModuleTime>2019-09-19T17:27:29.3863293Z</ModuleTime>
      <ModuleName>System.Configuration</ModuleName>
      <Classes />
    </Module>
    <Module skippedDueTo="Filter" hash="EE-92-34-AE-A6-A6-A8-2E-8A-34-A1-E4-20-3D-2A-23-C5-9D-D8-D2">
      <ModulePath>C:\Raja\FSD Assignment\poc\ProjectManager-master\ProjectManager-master\ProjectManager.Test\bin\Release\nunit.framework.dll</ModulePath>
      <ModuleTime>2018-10-06T20:52:56Z</ModuleTime>
      <ModuleName>nunit.framework</ModuleName>
      <Classes />
    </Module>
    <Module skippedDueTo="Filter" hash="B8-04-2B-A5-61-1F-90-24-E8-A6-FB-F2-44-E1-70-03-2D-78-E5-C8">
      <ModulePath>C:\WINDOWS\Microsoft.Net\assembly\GAC_MSIL\System\v4.0_4.0.0.0__b77a5c561934e089\System.dll</ModulePath>
      <ModuleTime>2019-09-19T17:27:26.9059651Z</ModuleTime>
      <ModuleName>System</ModuleName>
      <Classes />
    </Module>
    <Module skippedDueTo="Filter" hash="09-12-6C-5B-37-14-EC-CF-0C-C7-10-E0-42-E2-2C-6F-FD-7B-DA-46">
      <ModulePath>C:\WINDOWS\Microsoft.Net\assembly\GAC_MSIL\System.Core\v4.0_4.0.0.0__b77a5c561934e089\System.Core.dll</ModulePath>
      <ModuleTime>2019-09-19T17:27:29.1539496Z</ModuleTime>
      <ModuleName>System.Core</ModuleName>
      <Classes />
    </Module>
    <Module skippedDueTo="Filter" hash="2A-79-E6-0E-46-CE-EC-83-3E-AA-27-0C-C0-F8-5A-CC-63-3F-1B-98">
      <ModulePath>C:\WINDOWS\Microsoft.Net\assembly\GAC_64\System.Web\v4.0_4.0.0.0__b03f5f7f11d50a3a\System.Web.dll</ModulePath>
      <ModuleTime>2019-09-19T17:27:24.0207152Z</ModuleTime>
      <ModuleName>System.Web</ModuleName>
      <Classes />
    </Module>
    <Module skippedDueTo="Filter" hash="6F-F8-B1-73-16-1C-2B-4E-10-ED-38-5F-2C-57-4B-73-E6-48-E8-16">
      <ModulePath>C:\Raja\FSD Assignment\poc\ProjectManager-master\ProjectManager-master\ProjectManager.Test\bin\Release\ProjectManager.Test.dll</ModulePath>
      <ModuleTime>2019-09-27T19:49:11.1183338Z</ModuleTime>
      <ModuleName>ProjectManager.Test</ModuleName>
      <Classes />
    </Module>
    <Module skippedDueTo="Filter" hash="AC-C3-A2-F1-C0-76-1F-1E-51-A3-B2-05-25-EA-0A-0F-BD-AD-9D-7D">
      <ModulePath>C:\Raja\FSD Assignment\poc\ProjectManager-master\ProjectManager-master\ProjectManager.Test\bin\Release\NBench.dll</ModulePath>
      <ModuleTime>2018-07-25T02:20:44Z</ModuleTime>
      <ModuleName>NBench</ModuleName>
      <Classes />
    </Module>
    <Module skippedDueTo="Filter" hash="2D-4E-7D-93-79-73-1D-3F-7A-CD-83-B3-5F-27-A4-33-E4-E0-D0-C0">
      <ModulePath>C:\WINDOWS\Microsoft.Net\assembly\GAC_MSIL\System.Xml\v4.0_4.0.0.0__b77a5c561934e089\System.Xml.dll</ModulePath>
      <ModuleTime>2019-09-19T17:27:29.2367314Z</ModuleTime>
      <ModuleName>System.Xml</ModuleName>
      <Classes />
    </Module>
    <Module skippedDueTo="Filter" hash="4E-EA-5B-0F-AC-8D-9B-D0-F2-3B-ED-5D-6D-D3-E1-B3-70-E0-98-94">
      <ModulePath>C:\Raja\FSD Assignment\poc\ProjectManager-master\ProjectManager-master\ProjectManager.Test\bin\Release\ProjectManager.Persistence.dll</ModulePath>
      <ModuleTime>2019-09-27T19:49:06.4393407Z</ModuleTime>
      <ModuleName>ProjectManager.Persistence</ModuleName>
      <Classes />
    </Module>
    <Module skippedDueTo="Filter" hash="C5-91-F7-24-74-EE-6C-65-D3-3F-C4-30-65-87-45-6D-38-2C-9C-AC">
      <ModulePath>C:\Raja\FSD Assignment\poc\ProjectManager-master\ProjectManager-master\ProjectManager.Test\bin\Release\Moq.dll</ModulePath>
      <ModuleTime>2018-09-08T14:21:00Z</ModuleTime>
      <ModuleName>Moq</ModuleName>
      <Classes />
    </Module>
    <Module skippedDueTo="Filter" hash="12-3F-E3-10-D1-D0-35-93-2B-65-FA-C5-00-62-09-C4-DC-D6-92-BF">
      <ModulePath>C:\Raja\FSD Assignment\poc\ProjectManager-master\ProjectManager-master\ProjectManager.Test\bin\Release\EntityFramework.dll</ModulePath>
      <ModuleTime>2017-10-23T17:15:18Z</ModuleTime>
      <ModuleName>EntityFramework</ModuleName>
      <Classes />
    </Module>
    <Module hash="62-8D-2D-51-37-63-48-08-BE-C8-E6-BD-65-A6-00-17-EB-28-BE-A1">
      <Summary numSequencePoints="85" visitedSequencePoints="45" numBranchPoints="34" visitedBranchPoints="18" sequenceCoverage="52.94" branchCoverage="52.94" maxCyclomaticComplexity="2" minCyclomaticComplexity="1" visitedClasses="3" numClasses="3" visitedMethods="15" numMethods="22" />
      <ModulePath>C:\Raja\FSD Assignment\poc\ProjectManager-master\ProjectManager-master\ProjectManager.Test\bin\Release\ProjectManager.Business.dll</ModulePath>
      <ModuleTime>2019-09-27T19:49:06.763334Z</ModuleTime>
      <ModuleName>ProjectManager.Business</ModuleName>
      <Files>
        <File uid="1" fullPath="C:\Raja\FSD Assignment\poc\ProjectManager-master\ProjectManager-master\ProjectManager.Business\ProjectRepository.cs" />
        <File uid="2" fullPath="C:\Raja\FSD Assignment\poc\ProjectManager-master\ProjectManager-master\ProjectManager.Business\TaskRepository.cs" />
        <File uid="3" fullPath="C:\Raja\FSD Assignment\poc\ProjectManager-master\ProjectManager-master\ProjectManager.Business\UserRepository.cs" />
      </Files>
      <Classes>
        <Class>
          <Summary numSequencePoints="0" visitedSequencePoints="0" numBranchPoints="0" visitedBranchPoints="0" sequenceCoverage="0" branchCoverage="0" maxCyclomaticComplexity="0" minCyclomaticComplexity="0" visitedClasses="0" numClasses="0" visitedMethods="0" numMethods="0" />
          <FullName>&lt;Module&gt;</FullName>
          <Methods />
        </Class>
        <Class>
          <Summary numSequencePoints="30" visitedSequencePoints="15" numBranchPoints="12" visitedBranchPoints="6" sequenceCoverage="50" branchCoverage="50" maxCyclomaticComplexity="2" minCyclomaticComplexity="1" visitedClasses="1" numClasses="1" visitedMethods="5" numMethods="8" />
          <FullName>ProjectManager.Business.ProjectRepository</FullName>
          <Methods>
            <Method visited="true" cyclomaticComplexity="1" nPathComplexity="0" sequenceCoverage="100" branchCoverage="100" isConstructor="true" isStatic="false" isGetter="false" isSetter="false">
              <Summary numSequencePoints="3" visitedSequencePoints="3" numBranchPoints="1" visitedBranchPoints="1" sequenceCoverage="100" branchCoverage="100" maxCyclomaticComplexity="1" minCyclomaticComplexity="1" visitedClasses="0" numClasses="0" visitedMethods="1" numMethods="1" />
              <MetadataToken>100663297</MetadataToken>
              <Name>System.Void ProjectManager.Business.ProjectRepository::.ctor()</Name>
              <FileRef uid="1" />
              <SequencePoints>
                <SequencePoint vc="1" uspid="1" ordinal="0" offset="0" sl="14" sc="9" el="14" ec="35" bec="0" bev="0" fileid="1" />
                <SequencePoint vc="1" uspid="2" ordinal="1" offset="6" sl="16" sc="13" el="16" ec="62" bec="0" bev="0" fileid="1" />
                <SequencePoint vc="1" uspid="3" ordinal="2" offset="17" sl="17" sc="9" el="17" ec="10" bec="0" bev="0" fileid="1" />
              </SequencePoints>
              <BranchPoints />
              <MethodPoint xsi:type="SequencePoint" vc="1" uspid="1" ordinal="0" offset="0" sl="14" sc="9" el="14" ec="35" bec="0" bev="0" fileid="1" />
            </Method>
            <Method visited="true" cyclomaticComplexity="1" nPathComplexity="0" sequenceCoverage="100" branchCoverage="100" isConstructor="true" isStatic="false" isGetter="false" isSetter="false">
              <Summary numSequencePoints="3" visitedSequencePoints="3" numBranchPoints="1" visitedBranchPoints="1" sequenceCoverage="100" branchCoverage="100" maxCyclomaticComplexity="1" minCyclomaticComplexity="1" visitedClasses="0" numClasses="0" visitedMethods="1" numMethods="1" />
              <MetadataToken>100663298</MetadataToken>
              <Name>System.Void ProjectManager.Business.ProjectRepository::.ctor(ProjectManager.Persistence.ProjectManagerContext)</Name>
              <FileRef uid="1" />
              <SequencePoints>
                <SequencePoint vc="6" uspid="4" ordinal="0" offset="0" sl="18" sc="9" el="18" ec="64" bec="0" bev="0" fileid="1" />
                <SequencePoint vc="6" uspid="5" ordinal="1" offset="6" sl="20" sc="13" el="20" ec="32" bec="0" bev="0" fileid="1" />
                <SequencePoint vc="6" uspid="6" ordinal="2" offset="13" sl="21" sc="9" el="21" ec="10" bec="0" bev="0" fileid="1" />
              </SequencePoints>
              <BranchPoints />
              <MethodPoint xsi:type="SequencePoint" vc="6" uspid="4" ordinal="0" offset="0" sl="18" sc="9" el="18" ec="64" bec="0" bev="0" fileid="1" />
            </Method>
            <Method visited="true" cyclomaticComplexity="1" nPathComplexity="0" sequenceCoverage="66.67" branchCoverage="100" isConstructor="false" isStatic="false" isGetter="false" isSetter="false">
              <Summary numSequencePoints="6" visitedSequencePoints="4" numBranchPoints="1" visitedBranchPoints="1" sequenceCoverage="66.67" branchCoverage="100" maxCyclomaticComplexity="1" minCyclomaticComplexity="1" visitedClasses="0" numClasses="0" visitedMethods="1" numMethods="1" />
              <MetadataToken>100663299</MetadataToken>
              <Name>System.Boolean ProjectManager.Business.ProjectRepository::AddProject(ProjectManager.Persistence.Project)</Name>
              <FileRef uid="1" />
              <SequencePoints>
                <SequencePoint vc="1" uspid="7" ordinal="0" offset="0" sl="27" sc="17" el="27" ec="48" bec="0" bev="0" fileid="1" />
                <SequencePoint vc="1" uspid="8" ordinal="1" offset="18" sl="28" sc="17" el="28" ec="40" bec="0" bev="0" fileid="1" />
                <SequencePoint vc="1" uspid="9" ordinal="2" offset="30" sl="29" sc="17" el="29" ec="29" bec="0" bev="0" fileid="1" />
                <SequencePoint vc="0" uspid="10" ordinal="3" offset="34" sl="31" sc="13" el="31" ec="41" bec="0" bev="0" fileid="1" />
                <SequencePoint vc="0" uspid="11" ordinal="4" offset="35" sl="34" sc="17" el="34" ec="63" bec="0" bev="0" fileid="1" />
                <SequencePoint vc="1" uspid="12" ordinal="5" offset="46" sl="36" sc="9" el="36" ec="10" bec="0" bev="0" fileid="1" />
              </SequencePoints>
              <BranchPoints />
              <MethodPoint xsi:type="SequencePoint" vc="1" uspid="7" ordinal="0" offset="0" sl="27" sc="17" el="27" ec="48" bec="0" bev="0" fileid="1" />
            </Method>
            <Method visited="false" cyclomaticComplexity="1" nPathComplexity="0" sequenceCoverage="0" branchCoverage="0" isConstructor="false" isStatic="false" isGetter="false" isSetter="false">
              <Summary numSequencePoints="2" visitedSequencePoints="0" numBranchPoints="1" visitedBranchPoints="0" sequenceCoverage="0" branchCoverage="0" maxCyclomaticComplexity="1" minCyclomaticComplexity="1" visitedClasses="0" numClasses="0" visitedMethods="0" numMethods="1" />
              <MetadataToken>100663300</MetadataToken>
              <Name>ProjectManager.Persistence.Project ProjectManager.Business.ProjectRepository::GetProject(System.Int32)</Name>
              <FileRef uid="1" />
              <SequencePoints>
                <SequencePoint vc="0" uspid="13" ordinal="0" offset="0" sl="39" sc="13" el="39" ec="60" bec="0" bev="0" fileid="1" />
                <SequencePoint vc="0" uspid="14" ordinal="1" offset="31" sl="40" sc="13" el="40" ec="27" bec="0" bev="0" fileid="1" />
              </SequencePoints>
              <BranchPoints />
              <MethodPoint xsi:type="SequencePoint" vc="0" uspid="13" ordinal="0" offset="0" sl="39" sc="13" el="39" ec="60" bec="0" bev="0" fileid="1" />
            </Method>
            <Method visited="false" cyclomaticComplexity="2" nPathComplexity="2" sequenceCoverage="0" branchCoverage="0" isConstructor="false" isStatic="false" isGetter="false" isSetter="false">
              <Summary numSequencePoints="6" visitedSequencePoints="0" numBranchPoints="3" visitedBranchPoints="0" sequenceCoverage="0" branchCoverage="0" maxCyclomaticComplexity="2" minCyclomaticComplexity="2" visitedClasses="0" numClasses="0" visitedMethods="0" numMethods="1" />
              <MetadataToken>100663301</MetadataToken>
              <Name>System.Boolean ProjectManager.Business.ProjectRepository::SuspendProject(System.Int32)</Name>
              <FileRef uid="1" />
              <SequencePoints>
                <SequencePoint vc="0" uspid="15" ordinal="0" offset="0" sl="44" sc="13" el="44" ec="60" bec="0" bev="0" fileid="1" />
                <SequencePoint vc="0" uspid="16" ordinal="1" offset="32" sl="45" sc="13" el="45" ec="32" bec="2" bev="0" fileid="1" />
                <SequencePoint vc="0" uspid="17" ordinal="2" offset="35" sl="47" sc="17" el="47" ec="30" bec="0" bev="0" fileid="1" />
                <SequencePoint vc="0" uspid="18" ordinal="3" offset="37" sl="49" sc="13" el="49" ec="46" bec="0" bev="0" fileid="1" />
                <SequencePoint vc="0" uspid="19" ordinal="4" offset="55" sl="50" sc="13" el="50" ec="36" bec="0" bev="0" fileid="1" />
                <SequencePoint vc="0" uspid="20" ordinal="5" offset="67" sl="52" sc="13" el="52" ec="25" bec="0" bev="0" fileid="1" />
              </SequencePoints>
              <BranchPoints>
                <BranchPoint vc="0" uspid="21" ordinal="0" offset="33" sl="45" path="0" offsetend="35" fileid="1" />
                <BranchPoint vc="0" uspid="22" ordinal="1" offset="33" sl="45" path="1" offsetend="37" fileid="1" />
              </BranchPoints>
              <MethodPoint xsi:type="SequencePoint" vc="0" uspid="15" ordinal="0" offset="0" sl="44" sc="13" el="44" ec="60" bec="0" bev="0" fileid="1" />
            </Method>
            <Method visited="true" cyclomaticComplexity="1" nPathComplexity="0" sequenceCoverage="100" branchCoverage="100" isConstructor="false" isStatic="false" isGetter="false" isSetter="false">
              <Summary numSequencePoints="2" visitedSequencePoints="2" numBranchPoints="1" visitedBranchPoints="1" sequenceCoverage="100" branchCoverage="100" maxCyclomaticComplexity="1" minCyclomaticComplexity="1" visitedClasses="0" numClasses="0" visitedMethods="1" numMethods="1" />
              <MetadataToken>100663302</MetadataToken>
              <Name>System.Collections.Generic.List`1&lt;ProjectManager.Persistence.Project&gt; ProjectManager.Business.ProjectRepository::GetAllProjects()</Name>
              <FileRef uid="1" />
              <SequencePoints>
                <SequencePoint vc="6" uspid="23" ordinal="0" offset="0" sl="56" sc="13" el="56" ec="60" bec="0" bev="0" fileid="1" />
                <SequencePoint vc="6" uspid="24" ordinal="1" offset="16" sl="57" sc="13" el="57" ec="25" bec="0" bev="0" fileid="1" />
              </SequencePoints>
              <BranchPoints />
              <MethodPoint xsi:type="SequencePoint" vc="6" uspid="23" ordinal="0" offset="0" sl="56" sc="13" el="56" ec="60" bec="0" bev="0" fileid="1" />
            </Method>
            <Method visited="false" cyclomaticComplexity="1" nPathComplexity="0" sequenceCoverage="0" branchCoverage="0" isConstructor="false" isStatic="false" isGetter="false" isSetter="false">
              <Summary numSequencePoints="2" visitedSequencePoints="0" numBranchPoints="1" visitedBranchPoints="0" sequenceCoverage="0" branchCoverage="0" maxCyclomaticComplexity="1" minCyclomaticComplexity="1" visitedClasses="0" numClasses="0" visitedMethods="0" numMethods="1" />
              <MetadataToken>100663303</MetadataToken>
              <Name>System.Int32 ProjectManager.Business.ProjectRepository::GetNumTasks(System.Int32)</Name>
              <FileRef uid="1" />
              <SequencePoints>
                <SequencePoint vc="0" uspid="25" ordinal="0" offset="13" sl="62" sc="13" el="62" ec="87" bec="0" bev="0" fileid="1" />
                <SequencePoint vc="0" uspid="26" ordinal="1" offset="127" sl="64" sc="13" el="64" ec="28" bec="0" bev="0" fileid="1" />
              </SequencePoints>
              <BranchPoints />
              <MethodPoint vc="0" uspid="27" ordinal="0" offset="0" />
            </Method>
            <Method visited="true" cyclomaticComplexity="2" nPathComplexity="2" sequenceCoverage="50" branchCoverage="66.67" isConstructor="false" isStatic="false" isGetter="false" isSetter="false">
              <Summary numSequencePoints="6" visitedSequencePoints="3" numBranchPoints="3" visitedBranchPoints="2" sequenceCoverage="50" branchCoverage="66.67" maxCyclomaticComplexity="2" minCyclomaticComplexity="2" visitedClasses="0" numClasses="0" visitedMethods="1" numMethods="1" />
              <MetadataToken>100663304</MetadataToken>
              <Name>System.Boolean ProjectManager.Business.ProjectRepository::UpdateProject(System.Int32,ProjectManager.Persistence.Project)</Name>
              <FileRef uid="1" />
              <SequencePoints>
                <SequencePoint vc="1" uspid="28" ordinal="0" offset="0" sl="68" sc="13" el="68" ec="60" bec="0" bev="0" fileid="1" />
                <SequencePoint vc="1" uspid="29" ordinal="1" offset="32" sl="69" sc="13" el="69" ec="32" bec="2" bev="1" fileid="1" />
                <SequencePoint vc="1" uspid="30" ordinal="2" offset="35" sl="71" sc="17" el="71" ec="30" bec="0" bev="0" fileid="1" />
                <SequencePoint vc="0" uspid="31" ordinal="3" offset="37" sl="74" sc="13" el="74" ec="69" bec="0" bev="0" fileid="1" />
                <SequencePoint vc="0" uspid="32" ordinal="4" offset="60" sl="75" sc="13" el="75" ec="36" bec="0" bev="0" fileid="1" />
                <SequencePoint vc="0" uspid="33" ordinal="5" offset="72" sl="77" sc="13" el="77" ec="25" bec="0" bev="0" fileid="1" />
              </SequencePoints>
              <BranchPoints>
                <BranchPoint vc="1" uspid="34" ordinal="0" offset="33" sl="69" path="0" offsetend="35" fileid="1" />
                <BranchPoint vc="0" uspid="35" ordinal="1" offset="33" sl="69" path="1" offsetend="37" fileid="1" />
              </BranchPoints>
              <MethodPoint xsi:type="SequencePoint" vc="1" uspid="28" ordinal="0" offset="0" sl="68" sc="13" el="68" ec="60" bec="0" bev="0" fileid="1" />
            </Method>
          </Methods>
        </Class>
        <Class>
          <Summary numSequencePoints="0" visitedSequencePoints="0" numBranchPoints="0" visitedBranchPoints="0" sequenceCoverage="0" branchCoverage="0" maxCyclomaticComplexity="1" minCyclomaticComplexity="1" visitedClasses="0" numClasses="0" visitedMethods="0" numMethods="0" />
          <FullName>ProjectManager.Business.ProjectRepository/&lt;&gt;c__DisplayClass7_0</FullName>
          <Methods>
            <Method visited="false" cyclomaticComplexity="1" nPathComplexity="0" sequenceCoverage="0" branchCoverage="0" isConstructor="true" isStatic="false" isGetter="false" isSetter="false">
              <Summary numSequencePoints="0" visitedSequencePoints="0" numBranchPoints="0" visitedBranchPoints="0" sequenceCoverage="0" branchCoverage="0" maxCyclomaticComplexity="1" minCyclomaticComplexity="1" visitedClasses="0" numClasses="0" visitedMethods="0" numMethods="0" />
              <MetadataToken>100663319</MetadataToken>
              <Name>System.Void ProjectManager.Business.ProjectRepository/&lt;&gt;c__DisplayClass7_0::.ctor()</Name>
              <SequencePoints />
              <BranchPoints />
              <MethodPoint vc="0" uspid="36" ordinal="0" offset="0" />
            </Method>
          </Methods>
        </Class>
        <Class>
          <Summary numSequencePoints="28" visitedSequencePoints="15" numBranchPoints="11" visitedBranchPoints="6" sequenceCoverage="53.57" branchCoverage="54.55" maxCyclomaticComplexity="2" minCyclomaticComplexity="1" visitedClasses="1" numClasses="1" visitedMethods="5" numMethods="7" />
          <FullName>ProjectManager.Business.TaskRepository</FullName>
          <Methods>
            <Method visited="true" cyclomaticComplexity="1" nPathComplexity="0" sequenceCoverage="100" branchCoverage="100" isConstructor="true" isStatic="false" isGetter="false" isSetter="false">
              <Summary numSequencePoints="3" visitedSequencePoints="3" numBranchPoints="1" visitedBranchPoints="1" sequenceCoverage="100" branchCoverage="100" maxCyclomaticComplexity="1" minCyclomaticComplexity="1" visitedClasses="0" numClasses="0" visitedMethods="1" numMethods="1" />
              <MetadataToken>100663305</MetadataToken>
              <Name>System.Void ProjectManager.Business.TaskRepository::.ctor()</Name>
              <FileRef uid="2" />
              <SequencePoints>
                <SequencePoint vc="1" uspid="37" ordinal="0" offset="0" sl="13" sc="9" el="13" ec="32" bec="0" bev="0" fileid="2" />
                <SequencePoint vc="1" uspid="38" ordinal="1" offset="6" sl="15" sc="13" el="15" ec="62" bec="0" bev="0" fileid="2" />
                <SequencePoint vc="1" uspid="39" ordinal="2" offset="17" sl="17" sc="9" el="17" ec="10" bec="0" bev="0" fileid="2" />
              </SequencePoints>
              <BranchPoints />
              <MethodPoint xsi:type="SequencePoint" vc="1" uspid="37" ordinal="0" offset="0" sl="13" sc="9" el="13" ec="32" bec="0" bev="0" fileid="2" />
            </Method>
            <Method visited="true" cyclomaticComplexity="1" nPathComplexity="0" sequenceCoverage="100" branchCoverage="100" isConstructor="true" isStatic="false" isGetter="false" isSetter="false">
              <Summary numSequencePoints="3" visitedSequencePoints="3" numBranchPoints="1" visitedBranchPoints="1" sequenceCoverage="100" branchCoverage="100" maxCyclomaticComplexity="1" minCyclomaticComplexity="1" visitedClasses="0" numClasses="0" visitedMethods="1" numMethods="1" />
              <MetadataToken>100663306</MetadataToken>
              <Name>System.Void ProjectManager.Business.TaskRepository::.ctor(ProjectManager.Persistence.ProjectManagerContext)</Name>
              <FileRef uid="2" />
              <SequencePoints>
                <SequencePoint vc="6" uspid="40" ordinal="0" offset="0" sl="18" sc="9" el="18" ec="61" bec="0" bev="0" fileid="2" />
                <SequencePoint vc="6" uspid="41" ordinal="1" offset="6" sl="20" sc="13" el="20" ec="32" bec="0" bev="0" fileid="2" />
                <SequencePoint vc="6" uspid="42" ordinal="2" offset="13" sl="21" sc="9" el="21" ec="10" bec="0" bev="0" fileid="2" />
              </SequencePoints>
              <BranchPoints />
              <MethodPoint xsi:type="SequencePoint" vc="6" uspid="40" ordinal="0" offset="0" sl="18" sc="9" el="18" ec="61" bec="0" bev="0" fileid="2" />
            </Method>
            <Method visited="true" cyclomaticComplexity="1" nPathComplexity="0" sequenceCoverage="66.67" branchCoverage="100" isConstructor="false" isStatic="false" isGetter="false" isSetter="false">
              <Summary numSequencePoints="6" visitedSequencePoints="4" numBranchPoints="1" visitedBranchPoints="1" sequenceCoverage="66.67" branchCoverage="100" maxCyclomaticComplexity="1" minCyclomaticComplexity="1" visitedClasses="0" numClasses="0" visitedMethods="1" numMethods="1" />
              <MetadataToken>100663307</MetadataToken>
              <Name>System.Boolean ProjectManager.Business.TaskRepository::AddTask(ProjectManager.Persistence.Task)</Name>
              <FileRef uid="2" />
              <SequencePoints>
                <SequencePoint vc="1" uspid="43" ordinal="0" offset="0" sl="26" sc="17" el="26" ec="42" bec="0" bev="0" fileid="2" />
                <SequencePoint vc="1" uspid="44" ordinal="1" offset="18" sl="27" sc="17" el="27" ec="40" bec="0" bev="0" fileid="2" />
                <SequencePoint vc="1" uspid="45" ordinal="2" offset="30" sl="28" sc="17" el="28" ec="29" bec="0" bev="0" fileid="2" />
                <SequencePoint vc="0" uspid="46" ordinal="3" offset="34" sl="30" sc="13" el="30" ec="41" bec="0" bev="0" fileid="2" />
                <SequencePoint vc="0" uspid="47" ordinal="4" offset="35" sl="33" sc="17" el="33" ec="60" bec="0" bev="0" fileid="2" />
                <SequencePoint vc="1" uspid="48" ordinal="5" offset="46" sl="36" sc="9" el="36" ec="10" bec="0" bev="0" fileid="2" />
              </SequencePoints>
              <BranchPoints />
              <MethodPoint xsi:type="SequencePoint" vc="1" uspid="43" ordinal="0" offset="0" sl="26" sc="17" el="26" ec="42" bec="0" bev="0" fileid="2" />
            </Method>
            <Method visited="false" cyclomaticComplexity="1" nPathComplexity="0" sequenceCoverage="0" branchCoverage="0" isConstructor="false" isStatic="false" isGetter="false" isSetter="false">
              <Summary numSequencePoints="2" visitedSequencePoints="0" numBranchPoints="1" visitedBranchPoints="0" sequenceCoverage="0" branchCoverage="0" maxCyclomaticComplexity="1" minCyclomaticComplexity="1" visitedClasses="0" numClasses="0" visitedMethods="0" numMethods="1" />
              <MetadataToken>100663308</MetadataToken>
              <Name>ProjectManager.Persistence.User ProjectManager.Business.TaskRepository::GetTask(System.Int32)</Name>
              <FileRef uid="2" />
              <SequencePoints>
                <SequencePoint vc="0" uspid="49" ordinal="0" offset="0" sl="39" sc="13" el="39" ec="54" bec="0" bev="0" fileid="2" />
                <SequencePoint vc="0" uspid="50" ordinal="1" offset="31" sl="40" sc="13" el="40" ec="27" bec="0" bev="0" fileid="2" />
              </SequencePoints>
              <BranchPoints />
              <MethodPoint xsi:type="SequencePoint" vc="0" uspid="49" ordinal="0" offset="0" sl="39" sc="13" el="39" ec="54" bec="0" bev="0" fileid="2" />
            </Method>
            <Method visited="false" cyclomaticComplexity="2" nPathComplexity="2" sequenceCoverage="0" branchCoverage="0" isConstructor="false" isStatic="false" isGetter="false" isSetter="false">
              <Summary numSequencePoints="6" visitedSequencePoints="0" numBranchPoints="3" visitedBranchPoints="0" sequenceCoverage="0" branchCoverage="0" maxCyclomaticComplexity="2" minCyclomaticComplexity="2" visitedClasses="0" numClasses="0" visitedMethods="0" numMethods="1" />
              <MetadataToken>100663309</MetadataToken>
              <Name>System.Boolean ProjectManager.Business.TaskRepository::DeleteTask(System.Int32)</Name>
              <FileRef uid="2" />
              <SequencePoints>
                <SequencePoint vc="0" uspid="51" ordinal="0" offset="0" sl="44" sc="13" el="44" ec="54" bec="0" bev="0" fileid="2" />
                <SequencePoint vc="0" uspid="52" ordinal="1" offset="32" sl="45" sc="13" el="45" ec="32" bec="2" bev="0" fileid="2" />
                <SequencePoint vc="0" uspid="53" ordinal="2" offset="35" sl="47" sc="17" el="47" ec="30" bec="0" bev="0" fileid="2" />
                <SequencePoint vc="0" uspid="54" ordinal="3" offset="37" sl="49" sc="13" el="49" ec="43" bec="0" bev="0" fileid="2" />
                <SequencePoint vc="0" uspid="55" ordinal="4" offset="55" sl="50" sc="13" el="50" ec="36" bec="0" bev="0" fileid="2" />
                <SequencePoint vc="0" uspid="56" ordinal="5" offset="67" sl="52" sc="13" el="52" ec="25" bec="0" bev="0" fileid="2" />
              </SequencePoints>
              <BranchPoints>
                <BranchPoint vc="0" uspid="57" ordinal="0" offset="33" sl="45" path="0" offsetend="35" fileid="2" />
                <BranchPoint vc="0" uspid="58" ordinal="1" offset="33" sl="45" path="1" offsetend="37" fileid="2" />
              </BranchPoints>
              <MethodPoint xsi:type="SequencePoint" vc="0" uspid="51" ordinal="0" offset="0" sl="44" sc="13" el="44" ec="54" bec="0" bev="0" fileid="2" />
            </Method>
            <Method visited="true" cyclomaticComplexity="1" nPathComplexity="0" sequenceCoverage="100" branchCoverage="100" isConstructor="false" isStatic="false" isGetter="false" isSetter="false">
              <Summary numSequencePoints="2" visitedSequencePoints="2" numBranchPoints="1" visitedBranchPoints="1" sequenceCoverage="100" branchCoverage="100" maxCyclomaticComplexity="1" minCyclomaticComplexity="1" visitedClasses="0" numClasses="0" visitedMethods="1" numMethods="1" />
              <MetadataToken>100663310</MetadataToken>
              <Name>System.Collections.Generic.List`1&lt;ProjectManager.Persistence.Task&gt; ProjectManager.Business.TaskRepository::GetAllTasks()</Name>
              <FileRef uid="2" />
              <SequencePoints>
                <SequencePoint vc="6" uspid="59" ordinal="0" offset="0" sl="56" sc="13" el="56" ec="54" bec="0" bev="0" fileid="2" />
                <SequencePoint vc="6" uspid="60" ordinal="1" offset="16" sl="57" sc="13" el="57" ec="25" bec="0" bev="0" fileid="2" />
              </SequencePoints>
              <BranchPoints />
              <MethodPoint xsi:type="SequencePoint" vc="6" uspid="59" ordinal="0" offset="0" sl="56" sc="13" el="56" ec="54" bec="0" bev="0" fileid="2" />
            </Method>
            <Method visited="true" cyclomaticComplexity="2" nPathComplexity="2" sequenceCoverage="50" branchCoverage="66.67" isConstructor="false" isStatic="false" isGetter="false" isSetter="false">
              <Summary numSequencePoints="6" visitedSequencePoints="3" numBranchPoints="3" visitedBranchPoints="2" sequenceCoverage="50" branchCoverage="66.67" maxCyclomaticComplexity="2" minCyclomaticComplexity="2" visitedClasses="0" numClasses="0" visitedMethods="1" numMethods="1" />
              <MetadataToken>100663311</MetadataToken>
              <Name>System.Boolean ProjectManager.Business.TaskRepository::UpdateTask(System.Int32,ProjectManager.Persistence.Task)</Name>
              <FileRef uid="2" />
              <SequencePoints>
                <SequencePoint vc="1" uspid="61" ordinal="0" offset="0" sl="61" sc="13" el="61" ec="54" bec="0" bev="0" fileid="2" />
                <SequencePoint vc="1" uspid="62" ordinal="1" offset="32" sl="62" sc="13" el="62" ec="32" bec="2" bev="1" fileid="2" />
                <SequencePoint vc="1" uspid="63" ordinal="2" offset="35" sl="64" sc="17" el="64" ec="30" bec="0" bev="0" fileid="2" />
                <SequencePoint vc="0" uspid="64" ordinal="3" offset="37" sl="67" sc="13" el="67" ec="66" bec="0" bev="0" fileid="2" />
                <SequencePoint vc="0" uspid="65" ordinal="4" offset="60" sl="68" sc="13" el="68" ec="36" bec="0" bev="0" fileid="2" />
                <SequencePoint vc="0" uspid="66" ordinal="5" offset="72" sl="70" sc="13" el="70" ec="25" bec="0" bev="0" fileid="2" />
              </SequencePoints>
              <BranchPoints>
                <BranchPoint vc="1" uspid="67" ordinal="0" offset="33" sl="62" path="0" offsetend="35" fileid="2" />
                <BranchPoint vc="0" uspid="68" ordinal="1" offset="33" sl="62" path="1" offsetend="37" fileid="2" />
              </BranchPoints>
              <MethodPoint xsi:type="SequencePoint" vc="1" uspid="61" ordinal="0" offset="0" sl="61" sc="13" el="61" ec="54" bec="0" bev="0" fileid="2" />
            </Method>
          </Methods>
        </Class>
        <Class>
          <Summary numSequencePoints="27" visitedSequencePoints="15" numBranchPoints="11" visitedBranchPoints="6" sequenceCoverage="55.56" branchCoverage="54.55" maxCyclomaticComplexity="2" minCyclomaticComplexity="1" visitedClasses="1" numClasses="1" visitedMethods="5" numMethods="7" />
          <FullName>ProjectManager.Business.UserRepository</FullName>
          <Methods>
            <Method visited="true" cyclomaticComplexity="1" nPathComplexity="0" sequenceCoverage="100" branchCoverage="100" isConstructor="true" isStatic="false" isGetter="false" isSetter="false">
              <Summary numSequencePoints="3" visitedSequencePoints="3" numBranchPoints="1" visitedBranchPoints="1" sequenceCoverage="100" branchCoverage="100" maxCyclomaticComplexity="1" minCyclomaticComplexity="1" visitedClasses="0" numClasses="0" visitedMethods="1" numMethods="1" />
              <MetadataToken>100663312</MetadataToken>
              <Name>System.Void ProjectManager.Business.UserRepository::.ctor()</Name>
              <FileRef uid="3" />
              <SequencePoints>
                <SequencePoint vc="1" uspid="69" ordinal="0" offset="0" sl="12" sc="9" el="12" ec="32" bec="0" bev="0" fileid="3" />
                <SequencePoint vc="1" uspid="70" ordinal="1" offset="6" sl="14" sc="13" el="14" ec="62" bec="0" bev="0" fileid="3" />
                <SequencePoint vc="1" uspid="71" ordinal="2" offset="17" sl="16" sc="9" el="16" ec="10" bec="0" bev="0" fileid="3" />
              </SequencePoints>
              <BranchPoints />
              <MethodPoint xsi:type="SequencePoint" vc="1" uspid="69" ordinal="0" offset="0" sl="12" sc="9" el="12" ec="32" bec="0" bev="0" fileid="3" />
            </Method>
            <Method visited="true" cyclomaticComplexity="1" nPathComplexity="0" sequenceCoverage="100" branchCoverage="100" isConstructor="true" isStatic="false" isGetter="false" isSetter="false">
              <Summary numSequencePoints="3" visitedSequencePoints="3" numBranchPoints="1" visitedBranchPoints="1" sequenceCoverage="100" branchCoverage="100" maxCyclomaticComplexity="1" minCyclomaticComplexity="1" visitedClasses="0" numClasses="0" visitedMethods="1" numMethods="1" />
              <MetadataToken>100663313</MetadataToken>
              <Name>System.Void ProjectManager.Business.UserRepository::.ctor(ProjectManager.Persistence.ProjectManagerContext)</Name>
              <FileRef uid="3" />
              <SequencePoints>
                <SequencePoint vc="6" uspid="72" ordinal="0" offset="0" sl="17" sc="9" el="17" ec="61" bec="0" bev="0" fileid="3" />
                <SequencePoint vc="6" uspid="73" ordinal="1" offset="6" sl="19" sc="13" el="19" ec="32" bec="0" bev="0" fileid="3" />
                <SequencePoint vc="6" uspid="74" ordinal="2" offset="13" sl="20" sc="9" el="20" ec="10" bec="0" bev="0" fileid="3" />
              </SequencePoints>
              <BranchPoints />
              <MethodPoint xsi:type="SequencePoint" vc="6" uspid="72" ordinal="0" offset="0" sl="17" sc="9" el="17" ec="61" bec="0" bev="0" fileid="3" />
            </Method>
            <Method visited="true" cyclomaticComplexity="1" nPathComplexity="0" sequenceCoverage="80" branchCoverage="100" isConstructor="false" isStatic="false" isGetter="false" isSetter="false">
              <Summary numSequencePoints="5" visitedSequencePoints="4" numBranchPoints="1" visitedBranchPoints="1" sequenceCoverage="80" branchCoverage="100" maxCyclomaticComplexity="1" minCyclomaticComplexity="1" visitedClasses="0" numClasses="0" visitedMethods="1" numMethods="1" />
              <MetadataToken>100663314</MetadataToken>
              <Name>System.Boolean ProjectManager.Business.UserRepository::AddUser(ProjectManager.Persistence.User)</Name>
              <FileRef uid="3" />
              <SequencePoints>
                <SequencePoint vc="1" uspid="75" ordinal="0" offset="0" sl="25" sc="17" el="25" ec="42" bec="0" bev="0" fileid="3" />
                <SequencePoint vc="1" uspid="76" ordinal="1" offset="18" sl="26" sc="17" el="26" ec="40" bec="0" bev="0" fileid="3" />
                <SequencePoint vc="1" uspid="77" ordinal="2" offset="30" sl="27" sc="17" el="27" ec="29" bec="0" bev="0" fileid="3" />
                <SequencePoint vc="0" uspid="78" ordinal="3" offset="34" sl="32" sc="17" el="32" ec="49" bec="0" bev="0" fileid="3" />
                <SequencePoint vc="1" uspid="79" ordinal="4" offset="45" sl="35" sc="9" el="35" ec="10" bec="0" bev="0" fileid="3" />
              </SequencePoints>
              <BranchPoints />
              <MethodPoint xsi:type="SequencePoint" vc="1" uspid="75" ordinal="0" offset="0" sl="25" sc="17" el="25" ec="42" bec="0" bev="0" fileid="3" />
            </Method>
            <Method visited="false" cyclomaticComplexity="1" nPathComplexity="0" sequenceCoverage="0" branchCoverage="0" isConstructor="false" isStatic="false" isGetter="false" isSetter="false">
              <Summary numSequencePoints="2" visitedSequencePoints="0" numBranchPoints="1" visitedBranchPoints="0" sequenceCoverage="0" branchCoverage="0" maxCyclomaticComplexity="1" minCyclomaticComplexity="1" visitedClasses="0" numClasses="0" visitedMethods="0" numMethods="1" />
              <MetadataToken>100663315</MetadataToken>
              <Name>ProjectManager.Persistence.User ProjectManager.Business.UserRepository::GetUser(System.Int32)</Name>
              <FileRef uid="3" />
              <SequencePoints>
                <SequencePoint vc="0" uspid="80" ordinal="0" offset="0" sl="38" sc="13" el="38" ec="53" bec="0" bev="0" fileid="3" />
                <SequencePoint vc="0" uspid="81" ordinal="1" offset="31" sl="39" sc="13" el="39" ec="27" bec="0" bev="0" fileid="3" />
              </SequencePoints>
              <BranchPoints />
              <MethodPoint xsi:type="SequencePoint" vc="0" uspid="80" ordinal="0" offset="0" sl="38" sc="13" el="38" ec="53" bec="0" bev="0" fileid="3" />
            </Method>
            <Method visited="false" cyclomaticComplexity="2" nPathComplexity="2" sequenceCoverage="0" branchCoverage="0" isConstructor="false" isStatic="false" isGetter="false" isSetter="false">
              <Summary numSequencePoints="6" visitedSequencePoints="0" numBranchPoints="3" visitedBranchPoints="0" sequenceCoverage="0" branchCoverage="0" maxCyclomaticComplexity="2" minCyclomaticComplexity="2" visitedClasses="0" numClasses="0" visitedMethods="0" numMethods="1" />
              <MetadataToken>100663316</MetadataToken>
              <Name>System.Boolean ProjectManager.Business.UserRepository::DeleteUser(System.Int32)</Name>
              <FileRef uid="3" />
              <SequencePoints>
                <SequencePoint vc="0" uspid="82" ordinal="0" offset="0" sl="43" sc="13" el="43" ec="53" bec="0" bev="0" fileid="3" />
                <SequencePoint vc="0" uspid="83" ordinal="1" offset="32" sl="44" sc="13" el="44" ec="32" bec="2" bev="0" fileid="3" />
                <SequencePoint vc="0" uspid="84" ordinal="2" offset="35" sl="46" sc="17" el="46" ec="30" bec="0" bev="0" fileid="3" />
                <SequencePoint vc="0" uspid="85" ordinal="3" offset="37" sl="48" sc="13" el="48" ec="43" bec="0" bev="0" fileid="3" />
                <SequencePoint vc="0" uspid="86" ordinal="4" offset="55" sl="49" sc="13" el="49" ec="36" bec="0" bev="0" fileid="3" />
                <SequencePoint vc="0" uspid="87" ordinal="5" offset="67" sl="51" sc="13" el="51" ec="25" bec="0" bev="0" fileid="3" />
              </SequencePoints>
              <BranchPoints>
                <BranchPoint vc="0" uspid="88" ordinal="0" offset="33" sl="44" path="0" offsetend="35" fileid="3" />
                <BranchPoint vc="0" uspid="89" ordinal="1" offset="33" sl="44" path="1" offsetend="37" fileid="3" />
              </BranchPoints>
              <MethodPoint xsi:type="SequencePoint" vc="0" uspid="82" ordinal="0" offset="0" sl="43" sc="13" el="43" ec="53" bec="0" bev="0" fileid="3" />
            </Method>
            <Method visited="true" cyclomaticComplexity="1" nPathComplexity="0" sequenceCoverage="100" branchCoverage="100" isConstructor="false" isStatic="false" isGetter="false" isSetter="false">
              <Summary numSequencePoints="2" visitedSequencePoints="2" numBranchPoints="1" visitedBranchPoints="1" sequenceCoverage="100" branchCoverage="100" maxCyclomaticComplexity="1" minCyclomaticComplexity="1" visitedClasses="0" numClasses="0" visitedMethods="1" numMethods="1" />
              <MetadataToken>100663317</MetadataToken>
              <Name>System.Collections.Generic.List`1&lt;ProjectManager.Persistence.User&gt; ProjectManager.Business.UserRepository::GetAllUsers()</Name>
              <FileRef uid="3" />
              <SequencePoints>
                <SequencePoint vc="6" uspid="90" ordinal="0" offset="0" sl="55" sc="13" el="55" ec="54" bec="0" bev="0" fileid="3" />
                <SequencePoint vc="6" uspid="91" ordinal="1" offset="16" sl="56" sc="13" el="56" ec="25" bec="0" bev="0" fileid="3" />
              </SequencePoints>
              <BranchPoints />
              <MethodPoint xsi:type="SequencePoint" vc="6" uspid="90" ordinal="0" offset="0" sl="55" sc="13" el="55" ec="54" bec="0" bev="0" fileid="3" />
            </Method>
            <Method visited="true" cyclomaticComplexity="2" nPathComplexity="2" sequenceCoverage="50" branchCoverage="66.67" isConstructor="false" isStatic="false" isGetter="false" isSetter="false">
              <Summary numSequencePoints="6" visitedSequencePoints="3" numBranchPoints="3" visitedBranchPoints="2" sequenceCoverage="50" branchCoverage="66.67" maxCyclomaticComplexity="2" minCyclomaticComplexity="2" visitedClasses="0" numClasses="0" visitedMethods="1" numMethods="1" />
              <MetadataToken>100663318</MetadataToken>
              <Name>System.Boolean ProjectManager.Business.UserRepository::UpdateUser(System.Int32,ProjectManager.Persistence.User)</Name>
              <FileRef uid="3" />
              <SequencePoints>
                <SequencePoint vc="1" uspid="92" ordinal="0" offset="0" sl="60" sc="13" el="60" ec="53" bec="0" bev="0" fileid="3" />
                <SequencePoint vc="1" uspid="93" ordinal="1" offset="32" sl="61" sc="13" el="61" ec="32" bec="2" bev="1" fileid="3" />
                <SequencePoint vc="1" uspid="94" ordinal="2" offset="35" sl="63" sc="17" el="63" ec="30" bec="0" bev="0" fileid="3" />
                <SequencePoint vc="0" uspid="95" ordinal="3" offset="37" sl="67" sc="13" el="67" ec="66" bec="0" bev="0" fileid="3" />
                <SequencePoint vc="0" uspid="96" ordinal="4" offset="60" sl="68" sc="13" el="68" ec="36" bec="0" bev="0" fileid="3" />
                <SequencePoint vc="0" uspid="97" ordinal="5" offset="72" sl="70" sc="13" el="70" ec="25" bec="0" bev="0" fileid="3" />
              </SequencePoints>
              <BranchPoints>
                <BranchPoint vc="1" uspid="98" ordinal="0" offset="33" sl="61" path="0" offsetend="35" fileid="3" />
                <BranchPoint vc="0" uspid="99" ordinal="1" offset="33" sl="61" path="1" offsetend="37" fileid="3" />
              </BranchPoints>
              <MethodPoint xsi:type="SequencePoint" vc="1" uspid="92" ordinal="0" offset="0" sl="60" sc="13" el="60" ec="53" bec="0" bev="0" fileid="3" />
            </Method>
          </Methods>
        </Class>
      </Classes>
    </Module>
    <Module skippedDueTo="Filter" hash="04-E9-C9-8D-81-2A-18-0D-95-44-41-F4-12-25-FF-D6-EB-6E-D6-0A">
      <ModulePath>C:\Raja\FSD Assignment\poc\ProjectManager-master\ProjectManager-master\ProjectManager.Test\bin\Release\Castle.Core.dll</ModulePath>
      <ModuleTime>2018-06-20T19:07:38Z</ModuleTime>
      <ModuleName>Castle.Core</ModuleName>
      <Classes />
    </Module>
    <Module skippedDueTo="Filter" hash="2A-7B-17-4D-5F-56-2E-65-AC-46-D1-7B-18-CB-45-61-99-7F-97-68">
      <ModulePath>C:\WINDOWS\Microsoft.Net\assembly\GAC_MSIL\System.Configuration\v4.0_4.0.0.0__b03f5f7f11d50a3a\System.Configuration.dll</ModulePath>
      <ModuleTime>2019-09-19T17:27:29.3863293Z</ModuleTime>
      <ModuleName>System.Configuration</ModuleName>
      <Classes />
    </Module>
    <Module skippedDueTo="Filter" hash="9C-75-55-9F-AD-D5-06-26-64-CB-04-EC-20-DB-A3-7F-FE-FD-2E-4E">
      <ModulePath>C:\Raja\FSD Assignment\poc\ProjectManager-master\ProjectManager-master\ProjectManager.Test\bin\Release\System.Threading.Tasks.Extensions.dll</ModulePath>
      <ModuleTime>2018-12-12T19:34:52Z</ModuleTime>
      <ModuleName>System.Threading.Tasks.Extensions</ModuleName>
      <Classes />
    </Module>
    <Module skippedDueTo="Filter" hash="2A-5F-EB-FC-1F-8B-9B-DB-11-DF-AF-03-EE-EB-43-40-AC-5D-A5-08">
      <ModulePath>C:\WINDOWS\Microsoft.Net\assembly\GAC_MSIL\System.Runtime\v4.0_4.0.0.0__b03f5f7f11d50a3a\System.Runtime.dll</ModulePath>
      <ModuleTime>2019-09-19T17:27:26.8212158Z</ModuleTime>
      <ModuleName>System.Runtime</ModuleName>
      <Classes />
    </Module>
    <Module skippedDueTo="Filter" hash="C8-60-7C-32-7D-55-D5-F5-4E-17-F0-9E-E8-DA-5C-0E-6A-D1-8B-DB">
      <ModulePath>C:\WINDOWS\Microsoft.Net\assembly\GAC_MSIL\System.ValueTuple\v4.0_4.0.0.0__cc7b13ffcd2ddd51\System.ValueTuple.dll</ModulePath>
      <ModuleTime>2019-09-19T17:27:26.7623748Z</ModuleTime>
      <ModuleName>System.ValueTuple</ModuleName>
      <Classes />
    </Module>
    <Module skippedDueTo="Filter" hash="">
      <ModulePath>RefEmit_InMemoryManifestModule</ModulePath>
      <ModuleTime>0001-01-01T00:00:00</ModuleTime>
      <ModuleName>DynamicProxyGenAssembly2</ModuleName>
      <Classes />
    </Module>
    <Module skippedDueTo="Filter" hash="">
      <ModulePath>RefEmit_InMemoryManifestModule</ModulePath>
      <ModuleTime>0001-01-01T00:00:00</ModuleTime>
      <ModuleName>DynamicProxyGenAssembly2</ModuleName>
      <Classes />
    </Module>
    <Module skippedDueTo="Filter" hash="4D-26-23-03-55-1A-1C-6F-AF-C6-04-F8-05-AF-FC-42-49-09-2B-F7">
      <ModulePath>C:\WINDOWS\Microsoft.Net\assembly\GAC_64\System.Data\v4.0_4.0.0.0__b77a5c561934e089\System.Data.dll</ModulePath>
      <ModuleTime>2019-09-19T17:27:29.0332738Z</ModuleTime>
      <ModuleName>System.Data</ModuleName>
      <Classes />
    </Module>
    <Module skippedDueTo="Filter" hash="9D-8C-F0-38-93-AA-F9-80-7F-99-3F-48-55-49-21-AF-A0-81-85-9F">
      <ModulePath>C:\Raja\FSD Assignment\poc\ProjectManager-master\ProjectManager-master\ProjectManager.Test\bin\Release\EntityFramework.SqlServer.dll</ModulePath>
      <ModuleTime>2017-10-23T17:15:20Z</ModuleTime>
      <ModuleName>EntityFramework.SqlServer</ModuleName>
      <Classes />
    </Module>
    <Module skippedDueTo="Filter" hash="">
      <ModulePath>RefEmit_InMemoryManifestModule</ModulePath>
      <ModuleTime>0001-01-01T00:00:00</ModuleTime>
      <ModuleName>Anonymously Hosted DynamicMethods Assembly</ModuleName>
      <Classes />
    </Module>
  </Modules>
</CoverageSession>